[developer.android.com/codelabs/basic-android-kotlin-compose-classes-and-objects1a94.html]
[www.gstatic.com/devrel-devsite/prod/vb596299fc3b3ecd7c5d7aec475be1a412930b770a5f8d074630a8e7a09f63df6/android/images/touchicon-180.png]
[backblue.gif]
[fade.gif]
[index.html]
[developer.android.com/codelabs/basic-android-kotlin-compose-classes-and-objects7d7c.html]
[developer.android.com/codelabs/basic-android-kotlin-compose-classes-and-objects.html]
[developer.android.com/codelabs/basic-android-kotlin-compose-classes-and-objects0b8e.html]
[developer.android.com/codelabs/basic-android-kotlin-compose-classes-and-objectsf854.html]
[developer.android.com/codelabs/basic-android-kotlin-compose-classes-and-objects0cf2.html]
[developer.android.com/codelabs/basic-android-kotlin-compose-classes-and-objects9e29.html]
[developer.android.com/codelabs/basic-android-kotlin-compose-classes-and-objects7554.html]
[developer.android.com/codelabs/basic-android-kotlin-compose-classes-and-objects327f.html]
[developer.android.com/extras.css]
[developer.android.com/static/codelabs/basic-android-kotlin-compose-classes-and-objects/img/f58430542f2081a97d7c.png]
[developer.android.com/static/codelabs/basic-android-kotlin-compose-classes-and-objects/img/fc609c15952551ce7d7c.png]
[developer.android.com/static/codelabs/basic-android-kotlin-compose-classes-and-objects/img/f2cf50a63485599f7d7c.png]
[developer.android.com/static/codelabs/basic-android-kotlin-compose-classes-and-objects/img/bbe674861ec370b67d7c.png]
[developer.android.com/static/codelabs/basic-android-kotlin-compose-classes-and-objects/img/aa052148605330417d7c.png]
[developer.android.com/static/codelabs/basic-android-kotlin-compose-classes-and-objects/img/2dc13ef136009e987d7c.png]
[developer.android.com/static/codelabs/basic-android-kotlin-compose-classes-and-objects/img/e4cb2f63c96f8c7d7c.png]
[developer.android.com/static/codelabs/basic-android-kotlin-compose-classes-and-objects/img/1ac63b66e6b5c2247d7c.png]
[developer.android.com/static/codelabs/basic-android-kotlin-compose-classes-and-objects/img/43ebe1f550d6c6147d7c.png]
[developer.android.com/static/codelabs/basic-android-kotlin-compose-classes-and-objects/img/18cc94fefe9851e07d7c.png]
[developer.android.com/static/codelabs/basic-android-kotlin-compose-classes-and-objects/img/cea29a49b7b267867d7c.png]
[developer.android.com/static/codelabs/basic-android-kotlin-compose-classes-and-objects/img/e0a60ddc26b841de7d7c.png]
[developer.android.com/static/codelabs/basic-android-kotlin-compose-classes-and-objects/img/6832575eba67f0597d7c.png]
[developer.android.com/static/codelabs/basic-android-kotlin-compose-classes-and-objects/img/3ab4aa1c94a24a697d7c.png]
[developer.android.com/static/codelabs/basic-android-kotlin-compose-classes-and-objects/img/928547ad527681157d7c.png]
[developer.android.com/static/codelabs/basic-android-kotlin-compose-classes-and-objects/img/bfe3fd1cd8c45b2a7d7c.png]
[www.gstatic.com/images/icons/material/product/2x/youtube_48dp.png]
[www.gstatic.com/devrel-devsite/prod/vb596299fc3b3ecd7c5d7aec475be1a412930b770a5f8d074630a8e7a09f63df6/android/js/app_loader.js]
[developer.android.com/js/devsite_app_module.24.delayed]
[developer.android.com/images/touchicon-180.25.delayed]
[developer.android.com/codelabs/basic-android-kotlin-compose-classes-and-objects1a94.html]
[www.gstatic.com/devrel-devsite/prod/vb596299fc3b3ecd7c5d7aec475be1a412930b770a5f8d074630a8e7a09f63df6/android/images/dynamic-content-card-default.png]
[www.gstatic.com/devrel-devsite/prod/vb596299fc3b3ecd7c5d7aec475be1a412930b770a5f8d074630a8e7a09f63df6/android/images/activity-android.png]
[www.gstatic.com/devrel-devsite/prod/vb596299fc3b3ecd7c5d7aec475be1a412930b770a5f8d074630a8e7a09f63df6/android/images/activity-cloud.png]
[www.gstatic.com/devrel-devsite/prod/vb596299fc3b3ecd7c5d7aec475be1a412930b770a5f8d074630a8e7a09f63df6/android/images/activity-other.png]
[www.gstatic.com/devrel-devsite/prod/vb596299fc3b3ecd7c5d7aec475be1a412930b770a5f8d074630a8e7a09f63df6/android/css/app.css]
[www.gstatic.com/devrel-devsite/prod/vb596299fc3b3ecd7c5d7aec475be1a412930b770a5f8d074630a8e7a09f63df6/android/css/dark-theme.css]
[developer.android.com/codelabs/basic-android-kotlin-compose-classes-and-objects7d7c.html]
[developer.android.com/static/codelabs/basic-android-kotlin-compose-classes-and-objects/img/9a07f83c06449f38.png]
[developer.android.com/static/codelabs/basic-android-kotlin-compose-classes-and-objects/img/1d25bc4f71c31fc9.png]
[developer.android.com/static/codelabs/basic-android-kotlin-compose-classes-and-objects/img/f58430542f2081a9.png]
[developer.android.com/static/codelabs/basic-android-kotlin-compose-classes-and-objects/img/fc609c15952551ce.png]
[developer.android.com/static/codelabs/basic-android-kotlin-compose-classes-and-objects/img/f2cf50a63485599f.png]
[developer.android.com/static/codelabs/basic-android-kotlin-compose-classes-and-objects/img/bbe674861ec370b6.png]
[developer.android.com/static/codelabs/basic-android-kotlin-compose-classes-and-objects/img/aa05214860533041.png]
[developer.android.com/static/codelabs/basic-android-kotlin-compose-classes-and-objects/img/2dc13ef136009e98.png]
[developer.android.com/static/codelabs/basic-android-kotlin-compose-classes-and-objects/img/e4cb2f63c96f8c.png]
[developer.android.com/static/codelabs/basic-android-kotlin-compose-classes-and-objects/img/1ac63b66e6b5c224.png]
[developer.android.com/static/codelabs/basic-android-kotlin-compose-classes-and-objects/img/43ebe1f550d6c614.png]
[developer.android.com/static/codelabs/basic-android-kotlin-compose-classes-and-objects/img/18cc94fefe9851e0.png]
[developer.android.com/static/codelabs/basic-android-kotlin-compose-classes-and-objects/img/dcc4f6693bf719a9.png]
[developer.android.com/static/codelabs/basic-android-kotlin-compose-classes-and-objects/img/47807a890d237744.png]
[developer.android.com/static/codelabs/basic-android-kotlin-compose-classes-and-objects/img/cea29a49b7b26786.png]
[developer.android.com/static/codelabs/basic-android-kotlin-compose-classes-and-objects/img/e0a60ddc26b841de.png]
[developer.android.com/static/codelabs/basic-android-kotlin-compose-classes-and-objects/img/6832575eba67f059.png]
[developer.android.com/static/codelabs/basic-android-kotlin-compose-classes-and-objects/img/3ab4aa1c94a24a69.png]
[developer.android.com/static/codelabs/basic-android-kotlin-compose-classes-and-objects/img/928547ad52768115.png]
[developer.android.com/static/codelabs/basic-android-kotlin-compose-classes-and-objects/img/bfe3fd1cd8c45b2a.png]
[developer.android.com/codelabs/basic-android-kotlin-compose-classes-and-objects.html]
[developer.android.com/static/codelabs/basic-android-kotlin-compose-classes-and-objects/img/9a07f83c06449f380b8e.png]
[developer.android.com/static/codelabs/basic-android-kotlin-compose-classes-and-objects/img/1d25bc4f71c31fc90b8e.png]
[developer.android.com/static/codelabs/basic-android-kotlin-compose-classes-and-objects/img/f58430542f2081a90b8e.png]
[developer.android.com/static/codelabs/basic-android-kotlin-compose-classes-and-objects/img/fc609c15952551ce0b8e.png]
[developer.android.com/static/codelabs/basic-android-kotlin-compose-classes-and-objects/img/f2cf50a63485599f0b8e.png]
[developer.android.com/static/codelabs/basic-android-kotlin-compose-classes-and-objects/img/bbe674861ec370b60b8e.png]
[developer.android.com/static/codelabs/basic-android-kotlin-compose-classes-and-objects/img/aa052148605330410b8e.png]
[developer.android.com/static/codelabs/basic-android-kotlin-compose-classes-and-objects/img/2dc13ef136009e980b8e.png]
[developer.android.com/static/codelabs/basic-android-kotlin-compose-classes-and-objects/img/e4cb2f63c96f8c0b8e.png]
[developer.android.com/static/codelabs/basic-android-kotlin-compose-classes-and-objects/img/1ac63b66e6b5c2240b8e.png]
[developer.android.com/static/codelabs/basic-android-kotlin-compose-classes-and-objects/img/43ebe1f550d6c6140b8e.png]
[developer.android.com/static/codelabs/basic-android-kotlin-compose-classes-and-objects/img/18cc94fefe9851e00b8e.png]
[developer.android.com/static/codelabs/basic-android-kotlin-compose-classes-and-objects/img/dcc4f6693bf719a90b8e.png]
[developer.android.com/static/codelabs/basic-android-kotlin-compose-classes-and-objects/img/47807a890d2377440b8e.png]
[developer.android.com/static/codelabs/basic-android-kotlin-compose-classes-and-objects/img/cea29a49b7b267860b8e.png]
[developer.android.com/static/codelabs/basic-android-kotlin-compose-classes-and-objects/img/e0a60ddc26b841de0b8e.png]
[developer.android.com/static/codelabs/basic-android-kotlin-compose-classes-and-objects/img/6832575eba67f0590b8e.png]
[developer.android.com/static/codelabs/basic-android-kotlin-compose-classes-and-objects/img/3ab4aa1c94a24a690b8e.png]
[developer.android.com/static/codelabs/basic-android-kotlin-compose-classes-and-objects/img/928547ad527681150b8e.png]
[developer.android.com/static/codelabs/basic-android-kotlin-compose-classes-and-objects/img/bfe3fd1cd8c45b2a0b8e.png]
[developer.android.com/codelabs/basic-android-kotlin-compose-classes-and-objects0b8e.html]
[developer.android.com/static/codelabs/basic-android-kotlin-compose-classes-and-objects/img/9a07f83c06449f38f854.png]
[developer.android.com/static/codelabs/basic-android-kotlin-compose-classes-and-objects/img/1d25bc4f71c31fc9f854.png]
[developer.android.com/static/codelabs/basic-android-kotlin-compose-classes-and-objects/img/f58430542f2081a9f854.png]
[developer.android.com/static/codelabs/basic-android-kotlin-compose-classes-and-objects/img/fc609c15952551cef854.png]
[developer.android.com/static/codelabs/basic-android-kotlin-compose-classes-and-objects/img/f2cf50a63485599ff854.png]
[developer.android.com/static/codelabs/basic-android-kotlin-compose-classes-and-objects/img/bbe674861ec370b6f854.png]
[developer.android.com/static/codelabs/basic-android-kotlin-compose-classes-and-objects/img/aa05214860533041f854.png]
[developer.android.com/static/codelabs/basic-android-kotlin-compose-classes-and-objects/img/2dc13ef136009e98f854.png]
[developer.android.com/static/codelabs/basic-android-kotlin-compose-classes-and-objects/img/e4cb2f63c96f8cf854.png]
[developer.android.com/static/codelabs/basic-android-kotlin-compose-classes-and-objects/img/1ac63b66e6b5c224f854.png]
[developer.android.com/static/codelabs/basic-android-kotlin-compose-classes-and-objects/img/43ebe1f550d6c614f854.png]
[developer.android.com/static/codelabs/basic-android-kotlin-compose-classes-and-objects/img/18cc94fefe9851e0f854.png]
[developer.android.com/static/codelabs/basic-android-kotlin-compose-classes-and-objects/img/dcc4f6693bf719a9f854.png]
[developer.android.com/static/codelabs/basic-android-kotlin-compose-classes-and-objects/img/47807a890d237744f854.png]
[developer.android.com/static/codelabs/basic-android-kotlin-compose-classes-and-objects/img/cea29a49b7b26786f854.png]
[developer.android.com/static/codelabs/basic-android-kotlin-compose-classes-and-objects/img/e0a60ddc26b841def854.png]
[developer.android.com/static/codelabs/basic-android-kotlin-compose-classes-and-objects/img/6832575eba67f059f854.png]
[developer.android.com/static/codelabs/basic-android-kotlin-compose-classes-and-objects/img/3ab4aa1c94a24a69f854.png]
[developer.android.com/static/codelabs/basic-android-kotlin-compose-classes-and-objects/img/928547ad52768115f854.png]
[developer.android.com/static/codelabs/basic-android-kotlin-compose-classes-and-objects/img/bfe3fd1cd8c45b2af854.png]
[developer.android.com/codelabs/basic-android-kotlin-compose-classes-and-objectsf854.html]
[developer.android.com/static/codelabs/basic-android-kotlin-compose-classes-and-objects/img/9a07f83c06449f380cf2.png]
[developer.android.com/static/codelabs/basic-android-kotlin-compose-classes-and-objects/img/1d25bc4f71c31fc90cf2.png]
[developer.android.com/static/codelabs/basic-android-kotlin-compose-classes-and-objects/img/f58430542f2081a90cf2.png]
[developer.android.com/static/codelabs/basic-android-kotlin-compose-classes-and-objects/img/fc609c15952551ce0cf2.png]
[developer.android.com/static/codelabs/basic-android-kotlin-compose-classes-and-objects/img/f2cf50a63485599f0cf2.png]
[developer.android.com/static/codelabs/basic-android-kotlin-compose-classes-and-objects/img/bbe674861ec370b60cf2.png]
[developer.android.com/static/codelabs/basic-android-kotlin-compose-classes-and-objects/img/aa052148605330410cf2.png]
[developer.android.com/static/codelabs/basic-android-kotlin-compose-classes-and-objects/img/2dc13ef136009e980cf2.png]
[developer.android.com/static/codelabs/basic-android-kotlin-compose-classes-and-objects/img/e4cb2f63c96f8c0cf2.png]
[developer.android.com/static/codelabs/basic-android-kotlin-compose-classes-and-objects/img/1ac63b66e6b5c2240cf2.png]
[developer.android.com/static/codelabs/basic-android-kotlin-compose-classes-and-objects/img/43ebe1f550d6c6140cf2.png]
[developer.android.com/static/codelabs/basic-android-kotlin-compose-classes-and-objects/img/18cc94fefe9851e00cf2.png]
[developer.android.com/static/codelabs/basic-android-kotlin-compose-classes-and-objects/img/dcc4f6693bf719a90cf2.png]
[developer.android.com/static/codelabs/basic-android-kotlin-compose-classes-and-objects/img/47807a890d2377440cf2.png]
[developer.android.com/static/codelabs/basic-android-kotlin-compose-classes-and-objects/img/928547ad527681150cf2.png]
[developer.android.com/static/codelabs/basic-android-kotlin-compose-classes-and-objects/img/bfe3fd1cd8c45b2a0cf2.png]
[developer.android.com/codelabs/basic-android-kotlin-compose-classes-and-objects0cf2.html]
[developer.android.com/static/codelabs/basic-android-kotlin-compose-classes-and-objects/img/1d25bc4f71c31fc99e29.png]
[developer.android.com/static/codelabs/basic-android-kotlin-compose-classes-and-objects/img/f2cf50a63485599f9e29.png]
[developer.android.com/static/codelabs/basic-android-kotlin-compose-classes-and-objects/img/bbe674861ec370b69e29.png]
[developer.android.com/static/codelabs/basic-android-kotlin-compose-classes-and-objects/img/aa052148605330419e29.png]
[developer.android.com/static/codelabs/basic-android-kotlin-compose-classes-and-objects/img/2dc13ef136009e989e29.png]
[developer.android.com/static/codelabs/basic-android-kotlin-compose-classes-and-objects/img/e4cb2f63c96f8c9e29.png]
[developer.android.com/static/codelabs/basic-android-kotlin-compose-classes-and-objects/img/1ac63b66e6b5c2249e29.png]
[developer.android.com/static/codelabs/basic-android-kotlin-compose-classes-and-objects/img/43ebe1f550d6c6149e29.png]
[developer.android.com/static/codelabs/basic-android-kotlin-compose-classes-and-objects/img/18cc94fefe9851e09e29.png]
[developer.android.com/static/codelabs/basic-android-kotlin-compose-classes-and-objects/img/dcc4f6693bf719a99e29.png]
[developer.android.com/static/codelabs/basic-android-kotlin-compose-classes-and-objects/img/47807a890d2377449e29.png]
[developer.android.com/static/codelabs/basic-android-kotlin-compose-classes-and-objects/img/cea29a49b7b267869e29.png]
[developer.android.com/static/codelabs/basic-android-kotlin-compose-classes-and-objects/img/e0a60ddc26b841de9e29.png]
[developer.android.com/static/codelabs/basic-android-kotlin-compose-classes-and-objects/img/6832575eba67f0599e29.png]
[developer.android.com/static/codelabs/basic-android-kotlin-compose-classes-and-objects/img/3ab4aa1c94a24a699e29.png]
[developer.android.com/static/codelabs/basic-android-kotlin-compose-classes-and-objects/img/928547ad527681159e29.png]
[developer.android.com/static/codelabs/basic-android-kotlin-compose-classes-and-objects/img/bfe3fd1cd8c45b2a9e29.png]
[developer.android.com/codelabs/basic-android-kotlin-compose-classes-and-objects9e29.html]
[developer.android.com/static/codelabs/basic-android-kotlin-compose-classes-and-objects/img/9a07f83c06449f387554.png]
[developer.android.com/codelabs/basic-android-kotlin-compose-classes-and-objects232e]
[developer.android.com/static/codelabs/basic-android-kotlin-compose-classes-and-objects/img/1d25bc4f71c31fc97554.png]
[developer.android.com/static/codelabs/basic-android-kotlin-compose-classes-and-objects/img/f58430542f2081a97554.png]
[developer.android.com/static/codelabs/basic-android-kotlin-compose-classes-and-objects/img/fc609c15952551ce7554.png]
[developer.android.com/static/codelabs/basic-android-kotlin-compose-classes-and-objects/img/f2cf50a63485599f7554.png]
[developer.android.com/static/codelabs/basic-android-kotlin-compose-classes-and-objects/img/bbe674861ec370b67554.png]
[developer.android.com/static/codelabs/basic-android-kotlin-compose-classes-and-objects/img/aa052148605330417554.png]
[developer.android.com/static/codelabs/basic-android-kotlin-compose-classes-and-objects/img/2dc13ef136009e987554.png]
[developer.android.com/static/codelabs/basic-android-kotlin-compose-classes-and-objects/img/e4cb2f63c96f8c7554.png]
[developer.android.com/static/codelabs/basic-android-kotlin-compose-classes-and-objects/img/1ac63b66e6b5c2247554.png]
[developer.android.com/static/codelabs/basic-android-kotlin-compose-classes-and-objects/img/43ebe1f550d6c6147554.png]
[developer.android.com/static/codelabs/basic-android-kotlin-compose-classes-and-objects/img/18cc94fefe9851e07554.png]
[developer.android.com/static/codelabs/basic-android-kotlin-compose-classes-and-objects/img/dcc4f6693bf719a97554.png]
[developer.android.com/static/codelabs/basic-android-kotlin-compose-classes-and-objects/img/47807a890d2377447554.png]
[developer.android.com/static/codelabs/basic-android-kotlin-compose-classes-and-objects/img/cea29a49b7b267867554.png]
[developer.android.com/static/codelabs/basic-android-kotlin-compose-classes-and-objects/img/e0a60ddc26b841de7554.png]
[developer.android.com/static/codelabs/basic-android-kotlin-compose-classes-and-objects/img/6832575eba67f0597554.png]
[developer.android.com/static/codelabs/basic-android-kotlin-compose-classes-and-objects/img/3ab4aa1c94a24a697554.png]
[developer.android.com/static/codelabs/basic-android-kotlin-compose-classes-and-objects/img/928547ad527681157554.png]
[developer.android.com/static/codelabs/basic-android-kotlin-compose-classes-and-objects/img/bfe3fd1cd8c45b2a7554.png]
[developer.android.com/codelabs/basic-android-kotlin-compose-classes-and-objects7554.html]
[developer.android.com/static/codelabs/basic-android-kotlin-compose-classes-and-objects/img/9a07f83c06449f38327f.png]
[developer.android.com/static/codelabs/basic-android-kotlin-compose-classes-and-objects/img/1d25bc4f71c31fc9327f.png]
[developer.android.com/static/codelabs/basic-android-kotlin-compose-classes-and-objects/img/f58430542f2081a9327f.png]
[developer.android.com/static/codelabs/basic-android-kotlin-compose-classes-and-objects/img/fc609c15952551ce327f.png]
[developer.android.com/static/codelabs/basic-android-kotlin-compose-classes-and-objects/img/f2cf50a63485599f327f.png]
[developer.android.com/static/codelabs/basic-android-kotlin-compose-classes-and-objects/img/2dc13ef136009e98327f.png]
[developer.android.com/static/codelabs/basic-android-kotlin-compose-classes-and-objects/img/e4cb2f63c96f8c327f.png]
[developer.android.com/static/codelabs/basic-android-kotlin-compose-classes-and-objects/img/1ac63b66e6b5c224327f.png]
[developer.android.com/static/codelabs/basic-android-kotlin-compose-classes-and-objects/img/43ebe1f550d6c614327f.png]
[developer.android.com/static/codelabs/basic-android-kotlin-compose-classes-and-objects/img/18cc94fefe9851e0327f.png]
[developer.android.com/static/codelabs/basic-android-kotlin-compose-classes-and-objects/img/dcc4f6693bf719a9327f.png]
[developer.android.com/static/codelabs/basic-android-kotlin-compose-classes-and-objects/img/47807a890d237744327f.png]
[developer.android.com/static/codelabs/basic-android-kotlin-compose-classes-and-objects/img/cea29a49b7b26786327f.png]
[developer.android.com/static/codelabs/basic-android-kotlin-compose-classes-and-objects/img/e0a60ddc26b841de327f.png]
[developer.android.com/static/codelabs/basic-android-kotlin-compose-classes-and-objects/img/6832575eba67f059327f.png]
[developer.android.com/static/codelabs/basic-android-kotlin-compose-classes-and-objects/img/3ab4aa1c94a24a69327f.png]
[developer.android.com/static/codelabs/basic-android-kotlin-compose-classes-and-objects/img/928547ad52768115327f.png]
[developer.android.com/static/codelabs/basic-android-kotlin-compose-classes-and-objects/img/bfe3fd1cd8c45b2a327f.png]
[developer.android.com/codelabs/basic-android-kotlin-compose-classes-and-objects327f.html]
[developer.android.com/extras.css]
[developer.android.com/static/codelabs/basic-android-kotlin-compose-classes-and-objects/img/9a07f83c06449f387d7c.png]
[developer.android.com/js/devsite_app_module.html]
[developer.android.com/images/touchicon-180.html]
[developer.android.com/static/codelabs/basic-android-kotlin-compose-classes-and-objects/img/1d25bc4f71c31fc97d7c.png]
[developer.android.com/static/codelabs/basic-android-kotlin-compose-classes-and-objects/img/dcc4f6693bf719a97d7c.png]
[developer.android.com/static/codelabs/basic-android-kotlin-compose-classes-and-objects/img/47807a890d2377447d7c.png]
[developer.android.com/static/codelabs/basic-android-kotlin-compose-classes-and-objects/img/cea29a49b7b267860cf2.png]
[developer.android.com/static/codelabs/basic-android-kotlin-compose-classes-and-objects/img/e0a60ddc26b841de0cf2.png]
[developer.android.com/static/codelabs/basic-android-kotlin-compose-classes-and-objects/img/6832575eba67f0590cf2.png]
[developer.android.com/static/codelabs/basic-android-kotlin-compose-classes-and-objects/img/3ab4aa1c94a24a690cf2.png]
[developer.android.com/static/codelabs/basic-android-kotlin-compose-classes-and-objects/img/9a07f83c06449f389e29.png]
[developer.android.com/static/codelabs/basic-android-kotlin-compose-classes-and-objects/img/f58430542f2081a99e29.png]
[developer.android.com/static/codelabs/basic-android-kotlin-compose-classes-and-objects/img/fc609c15952551ce9e29.png]
[developer.android.com/static/codelabs/basic-android-kotlin-compose-classes-and-objects/img/9a07f83c06449f38232e.png]
[developer.android.com/static/codelabs/basic-android-kotlin-compose-classes-and-objects/img/1d25bc4f71c31fc9232e.png]
[developer.android.com/static/codelabs/basic-android-kotlin-compose-classes-and-objects/img/f58430542f2081a9232e.png]
[developer.android.com/static/codelabs/basic-android-kotlin-compose-classes-and-objects/img/fc609c15952551ce232e.png]
[developer.android.com/static/codelabs/basic-android-kotlin-compose-classes-and-objects/img/f2cf50a63485599f232e.png]
[developer.android.com/static/codelabs/basic-android-kotlin-compose-classes-and-objects/img/bbe674861ec370b6232e.png]
[developer.android.com/static/codelabs/basic-android-kotlin-compose-classes-and-objects/img/aa05214860533041232e.png]
[developer.android.com/static/codelabs/basic-android-kotlin-compose-classes-and-objects/img/2dc13ef136009e98232e.png]
[developer.android.com/static/codelabs/basic-android-kotlin-compose-classes-and-objects/img/e4cb2f63c96f8c232e.png]
[developer.android.com/static/codelabs/basic-android-kotlin-compose-classes-and-objects/img/1ac63b66e6b5c224232e.png]
[developer.android.com/static/codelabs/basic-android-kotlin-compose-classes-and-objects/img/43ebe1f550d6c614232e.png]
[developer.android.com/static/codelabs/basic-android-kotlin-compose-classes-and-objects/img/18cc94fefe9851e0232e.png]
[developer.android.com/static/codelabs/basic-android-kotlin-compose-classes-and-objects/img/dcc4f6693bf719a9232e.png]
[developer.android.com/static/codelabs/basic-android-kotlin-compose-classes-and-objects/img/47807a890d237744232e.png]
[developer.android.com/static/codelabs/basic-android-kotlin-compose-classes-and-objects/img/cea29a49b7b26786232e.png]
[developer.android.com/static/codelabs/basic-android-kotlin-compose-classes-and-objects/img/e0a60ddc26b841de232e.png]
[developer.android.com/static/codelabs/basic-android-kotlin-compose-classes-and-objects/img/6832575eba67f059232e.png]
[developer.android.com/static/codelabs/basic-android-kotlin-compose-classes-and-objects/img/3ab4aa1c94a24a69232e.png]
[developer.android.com/static/codelabs/basic-android-kotlin-compose-classes-and-objects/img/928547ad52768115232e.png]
[developer.android.com/codelabs/basic-android-kotlin-compose-classes-and-objects232e]
[developer.android.com/static/codelabs/basic-android-kotlin-compose-classes-and-objects/img/bfe3fd1cd8c45b2a232e.png]
[developer.android.com/static/codelabs/basic-android-kotlin-compose-classes-and-objects/img/aa05214860533041327f.png]
[developer.android.com/static/codelabs/basic-android-kotlin-compose-classes-and-objects/img/bbe674861ec370b6327f.png]
[fonts.googleapis.com/earlyaccess/notosansjp.css]
[fonts.googleapis.com/earlyaccess/notosanskr.css]
